<?xml version="1.0" encoding="UTF-8"?>
<dataset>
    <AUDIENCES ID="1" ROOM_NUMBER="14"
        CAPACITY="87" />
</dataset>