<?xml version="1.0" encoding="UTF-8"?>
<dataset>
    <SUBJECTS ID="1" NAME="Mathematic" />
</dataset>